// Vitest Snapshot v1, https://vitest.dev/guide/snapshot.html

exports[`BattleDetailView > スナップショット - バトル詳細画面 1`] = `
"┌────────────────────────────────────────────────┐ ┌───────────────────────────────────────────────┐
│                                                │ │                                               │
│ 味方                                           │ │ 敵 (Wave                                      │
│     Warrior Lv.5                               │ │ 1)       ゴブリン Lv.3                        │
│     HP:███████████░░░░░░░░░░░░░░░░ 80/200 (40%)│ │          HP:██████████████░░░░░░░░░░ 30/50    │
│        █          ░                            │ │             ███           ░         (60%)     │
│     ○3                                         │ │                                               │
│                                                │ │                                               │
└────────────────────────────────────────────────┘ └───────────────────────────────────────────────┘

                                         ┌─────────────────────────────────────────────────────────┐
                                         │                                                         │
                                         │ 戦闘ログ (最新15件)                                     │
                                         │                                                         │
                                         │ 全て | 戦闘 | アイテム | イベント                       │
                                         │                                                         │
                                         │ ▶  [被弾] 15ダメージを受けた                            │
                                         │   [攻撃] 20ダメージを与えた                             │
                                         │                                                         │
                                         │                                                         │
                                         │                                                         │
                                         │                                                         │
                                         │                                                         │
                                         │                                                         │
                                         │                                                         │
                                         │                                                         │
                                         │                                                         │
                                         └─────────────────────────────────────────────────────────┘

↑↓: ログ選択 | ←→: フィルター | Enter: 詳細 | P: 一時停止 | R: 休憩"
`;

exports[`GamePlayView > スナップショット - ゲームプレイ画面 1`] = `
"╔══════════════════════════════════════════════════════════════════════════════════════════════════╗
║                                                                                                  ║
║ ⚔️  Hack & Slash - 拠点                                                                          ║
║                                                                                                  ║
╚══════════════════════════════════════════════════════════════════════════════════════════════════╝

┌──────────────────────────────────────┐ ┌─────────────────────────────────────────────────────────┐
│                                      │ │                                                         │
│ ◆ WarH███░░░░   M████░░░ 3EXP:撃破💰  │ │ ◆ メニュー ◆                                            │
│ rior  ███░░░░80/ ████░░░/5150/:  250 │ │                                                         │
│ Lv.5     ░░  200 ██      (00  3体 G  │ │ ▶ 戦闘開始                                              │
│ ◆             (4        0%)          │ │   休憩（全回復）                                        │
│              0%)                     │ │                                                         │
└──────────────────────────────────────┘ └─────────────────────────────────────────────────────────┘

┌──────────────────────────────────────────────────────────────────────────────────────────────────┐
│                                                                                                  │
│ バトルログ                                                                                       │
│                                                                                                  │
│                                                                                                  │
└──────────────────────────────────────────────────────────────────────────────────────────────────┘

┌────────────────────────────────────────────────┐ ┌───────────────────────────────────────────────┐
│                                                │ │                                               │
│ インベントリ (0/50)                            │ │ ステー                                        │
│                     アイテムなし               │ │ タス  ⚔ 基礎ダメ🛡    ❤️  体力🔮    ━━    な  │
│                                                │ │       ージ: 10  VIT:   200    魔力: 装備中し  │
│                                                │ │                 12            50    ━━        │
│                                                │ │                                               │
└────────────────────────────────────────────────┘ └───────────────────────────────────────────────┘

Tab: インベントリ | ↑↓: 選択 | Enter: 決定 | Ctrl+C: 終了"
`;
