// Vitest Snapshot v1, https://vitest.dev/guide/snapshot.html

exports[`シンプルなUIコンポーネントテスト > スナップショットテスト > アイテムリスト 1`] = `
"╭──────────────────────────────────────────────────────────────────────────────────────────────────╮
│                                                                                                  │
│ アイテム一覧                                                                                     │
│                                                                                                  │
│ ▶  ポーション x5                                                                                 │
│   エリクサー x2                                                                                  │
│   不死鳥の尾 x1                                                                                  │
│                                                                                                  │
╰──────────────────────────────────────────────────────────────────────────────────────────────────╯"
`;

exports[`シンプルなUIコンポーネントテスト > スナップショットテスト > バトル結果画面 1`] = `
"

                                              VICTORY!

                                        獲得経験値: 150 EXP
                                         獲得ゴールド: 50 G

                                        獲得アイテム: 鉄の剣


                                           [ENTER] 続ける

"
`;

exports[`シンプルなUIコンポーネントテスト > スナップショットテスト > 複雑なUIレイアウト 1`] = `
"╔══════════════════════════════════════════════════════════════════════════════════════════════════╗
║                                                                                                  ║
║ ⚔️  Hack & Slash RPG                                                                             ║
║                                                                                                  ║
╚══════════════════════════════════════════════════════════════════════════════════════════════════╝

プレイヤー情報                                     現在の敵
Lv.10 戦士                                         ドラゴン Lv.15
HP: 80/100                                         HP: 200/300
MP: 30/50                                          火属性・飛行タイプ
Gold: 500

┌──────────────────────────────────────────────────────────────────────────────────────────────────┐
│                                                                                                  │
│ [A] 攻撃 | [S] スキル | [I] アイテム | [R] 逃げる                                                │
│                                                                                                  │
└──────────────────────────────────────────────────────────────────────────────────────────────────┘"
`;
