// Vitest Snapshot v1, https://vitest.dev/guide/snapshot.html

exports[`状態ベースのUIテスト > スナップショットテスト - 複雑なレイアウト 1`] = `
"╔══════════════════════════════════════════════════════════════════════════════════════════════════╗
║                                                                                                  ║
║ ⚔️  GAME STATUS ⚔️                                                                               ║
║                                                                                                  ║
╚══════════════════════════════════════════════════════════════════════════════════════════════════╝

┌───────────────────────────────────────────────┐  ┌───────────────────────────────────────────────┐
│                                               │  │                                               │
│ プレイヤー                                    │  │ 装備                                          │
│ Lv.15 勇者                                    │  │ 武器: 伝説の剣                                │
│ HP: ████████░░ 80/100                         │  │ 防具: ミスリルアーマー                        │
│ MP: ██████░░░░ 30/50                          │  │ アクセ: 力のリング                            │
│ Gold: 1,234                                   │  │                                               │
│                                               │  │                                               │
└───────────────────────────────────────────────┘  └───────────────────────────────────────────────┘

╭──────────────────────────────────────────────────────────────────────────────────────────────────╮
│                                                                                                  │
│ [A] 攻撃 | [S] スキル | [I] アイテム | [R] 逃げる | [Q] 終了                                     │
│                                                                                                  │
╰──────────────────────────────────────────────────────────────────────────────────────────────────╯"
`;
