// Vitest Snapshot v1, https://vitest.dev/guide/snapshot.html

exports[`UI Components > CommonHeader > スナップショット 1`] = `
"╔══════════════════════════════════════════════════════════════════════════════════════════════════╗
║                                                                                                  ║
║ Hack & Slash - Warrior Lv.5                                              [Gold: 100] [Speed: x3] ║
║                                                                                                  ║
║ Tab: [戦闘詳細] | [装備管理]                                                                     ║
║                                                                                                  ║
╚══════════════════════════════════════════════════════════════════════════════════════════════════╝
"
`;

exports[`UI Components > OpeningView > スナップショット 1`] = `
"╔══════════════════════════════════════════════════════════════════════════════════════════════════╗
║                                                                                                  ║
║ ⚔️  Hack & Slash - クラス選択                                                                    ║
║                                                                                                  ║
╚══════════════════════════════════════════════════════════════════════════════════════════════════╝

▶ Warrior: 高い体力と防御力を持つ戦士                       ┌──────────────────────────────────────┐
                                                            │                                      │
  Mage: 強力な魔法と高いマナを持つ魔法使い                  │ Warrior のステータス                 │
                                                            │ HP: 120                              │
  Rogue: 高いクリティカル率と攻撃速度を持つ盗賊             │ 攻撃力: 15                           │
                                                            │ 防御力: 5                            │
  Paladin: 攻撃と防御のバランスが取れた聖騎士               │ マナ: 30                             │
                                                            │                                      │
                                                            └──────────────────────────────────────┘

↑↓: 選択 | Enter: 決定"
`;

exports[`UI Components > Pagination > スナップショット 1`] = `"[1 2 3 4 5 ... 10] (21-30/100)"`;

exports[`UI Helpers > スナップショット - プログレスバー 1`] = `
"Progress: 75%
[===============     ]"
`;
